// Jest Snapshot v1, https://goo.gl/fbAQLP

exports[`random acts predictably when seeded 1`] = `4`;

exports[`random acts predictably when seeded 2`] = `3`;

exports[`random acts predictably when seeded 3`] = `6`;
